Microchip MPLAB XC8 Compiler V2.40

Linker command line:

-W-3 \
  --edf=C:\Program Files\Microchip\xc8\v2.40\pic\dat\20220703182018_en.msgs \
  -cn -h+dist/default/production\LCD_Receiver.production.sym \
  --cmf=dist/default/production\LCD_Receiver.production.cmf -z -Q16F887 \
  -oC:\Users\kirby\AppData\Local\Temp\xcAslgo.4 --defsym=__MPLAB_BUILD=1 \
  --fixupoverflow=error \
  -Mdist/default/production/LCD_Receiver.production.map \
  --md=C:\Users\kirby\AppData\Local\Temp\xcAslgo.dat -E1 -ver=XC8 Compiler \
  --acfsm=1493 -ACODE=00h-07FFhx4 -ASTRCODE=00h-01FFFh -ASTRING=00h-0FFhx32 \
  -ACONST=00h-0FFhx32 -AENTRY=00h-0FFhx32 -ACOMMON=070h-07Fh \
  -ABANK0=020h-06Fh -ABANK1=0A0h-0EFh -ABANK2=0110h-016Fh \
  -ABANK3=0190h-01EFh -ARAM=020h-06Fh,0A0h-0EFh,0110h-016Fh,0190h-01EFh \
  -AABS1=020h-07Fh,0A0h-0EFh,0110h-016Fh,0190h-01EFh -ASFR0=00h-01Fh \
  -ASFR1=080h-09Fh -ASFR2=0100h-010Fh -ASFR3=0180h-018Fh \
  -ACONFIG=02007h-02008h -DCONFIG=2 -AIDLOC=02000h-02003h -DIDLOC=2 \
  -AEEDATA=00h-0FFh/02100h -peeprom_data=EEDATA -DEEDATA=2 -DCODE=2 \
  -DSTRCODE=2 -DSTRING=2 -DCONST=2 -DENTRY=2 \
  -preset_vec=00h,intentry=04h,init,end_init -ppowerup=CODE -pcinit=CODE \
  -pfunctab=ENTRY -k C:\Users\kirby\AppData\Local\Temp\xcAslgo.o \
  dist/default/production\LCD_Receiver.production.o 

Object code version is 3.11

Machine type is 16F887



                Name                               Link     Load   Length Selector   Space Scale
C:\Users\kirby\AppData\Local\Temp\xcAslgo.o
                end_init                              C        C        3        8       0
                reset_vec                             0        0        3        0       0
                config                             2007     2007        2        0       4
                idloc                              2000     2000        4        0       5
dist/default/production\LCD_Receiver.production.o
                cinit                                 F        F       15        8       0
                intentry                              4        4        8        8       0
                config                             2007     2007        2        0       4
                idloc                              2000     2000        4        0       5
                text36                              A98      A98        F     1530       0
                text35                              B3B      B3B       1E     1676       0
                text34                              F20      F20       68     1E40       0
                text33                              C5F      C5F       3A     18BE       0
                text32                              B59      B59       20     16B2       0
                text31                              B03      B03       1C     1606       0
                text30                              A6F      A6F        D     14DE       0
                text29                              E57      E57       62     1CAE       0
                text28                              D61      D61       4C     1AC2       0
                text27                              C26      C26       39     184C       0
                text26                              CD5      CD5       46     19AA       0
                text25                              AE8      AE8       1B     15D0       0
                text24                              B1F      B1F       1C     163E       0
                text23                              A7C      A7C        E     14F8       0
                text22                              A66      A66        9     14CC       0
                text21                              A8A      A8A        E     1514       0
                text20                              ABB      ABB       16     1576       0
                text19                              689      689       97        8       0
                text18                              BF4      BF4       32     17E8       0
                text17                              A60      A60        6     14C0       0
                text16                              AD1      AD1       17     15A2       0
                text15                              BC4      BC4       30     1788       0
                text14                              720      720       8A        8       0
                text13                               24       24      258        8       0
                text12                              B79      B79       24     16F2       0
                text11                              F88      F88       78     1F10       0
                text10                              5CF      5CF       BA        8       0
                text9                               DAD      DAD       50     1B5A       0
                text8                               7AA      7AA       54        8       0
                text7                               DFD      DFD       5A     1BFA       0
                text6                               EB9      EB9       67     1D72       0
                text5                               D1B      D1B       46     1A36       0
                text4                               C99      C99       3C     1932       0
                text3                               B9D      B9D       27     173A       0
                text2                               AA7      AA7       14     154E       0
                text1                               482      482      14D        8       0
                maintext                            27C      27C      206        8       0
                cstackBANK0                          20       20       36       20       1
                cstackCOMMON                         70       70        8       70       1
                cstackBANK1                          A0       A0       27       A0       1
                bssBANK1                             C7       C7        5       A0       1
                bssBANK0                             56       56        6       20       1
                bssCOMMON                            78       78        2       70       1
                strings                             800      800       2F     1000       0

TOTAL           Name                               Link     Load   Length     Space
        CLASS   CODE           
                end_init                              C        C        3         0
                cinit                                 F        F       15         0
                intentry                              4        4        8         0
                reset_vec                             0        0        3         0
                text36                              A98      A98        F         0
                text35                              B3B      B3B       1E         0
                text34                              F20      F20       68         0
                text33                              C5F      C5F       3A         0
                text32                              B59      B59       20         0
                text31                              B03      B03       1C         0
                text30                              A6F      A6F        D         0
                text29                              E57      E57       62         0
                text28                              D61      D61       4C         0
                text27                              C26      C26       39         0
                text26                              CD5      CD5       46         0
                text25                              AE8      AE8       1B         0
                text24                              B1F      B1F       1C         0
                text23                              A7C      A7C        E         0
                text22                              A66      A66        9         0
                text21                              A8A      A8A        E         0
                text20                              ABB      ABB       16         0
                text19                              689      689       97         0
                text18                              BF4      BF4       32         0
                text17                              A60      A60        6         0
                text16                              AD1      AD1       17         0
                text15                              BC4      BC4       30         0
                text14                              720      720       8A         0
                text13                               24       24      258         0
                text12                              B79      B79       24         0
                text11                              F88      F88       78         0
                text10                              5CF      5CF       BA         0
                text9                               DAD      DAD       50         0
                text8                               7AA      7AA       54         0
                text7                               DFD      DFD       5A         0
                text6                               EB9      EB9       67         0
                text5                               D1B      D1B       46         0
                text4                               C99      C99       3C         0
                text3                               B9D      B9D       27         0
                text2                               AA7      AA7       14         0
                text1                               482      482      14D         0
                maintext                            27C      27C      206         0

        CLASS   STRCODE        

        CLASS   STRING         
                strings                             800      800       2F         0

        CLASS   CONST          

        CLASS   ENTRY          

        CLASS   COMMON         
                cstackCOMMON                         70       70        8         1
                bssCOMMON                            78       78        2         1

        CLASS   BANK0          
                cstackBANK0                          20       20       36         1
                bssBANK0                             56       56        6         1

        CLASS   BANK1          
                cstackBANK1                          A0       A0       27         1
                bssBANK1                             C7       C7        5         1

        CLASS   BANK2          

        CLASS   BANK3          

        CLASS   RAM            

        CLASS   ABS1           
                abs_s1                               7E       7E        2         1

        CLASS   SFR0           

        CLASS   SFR1           

        CLASS   SFR2           

        CLASS   SFR3           

        CLASS   CONFIG         
                config                             2007     2007        2         4

        CLASS   IDLOC          
                idloc                              2000     2000        4         5

        CLASS   EEDATA         

        CLASS   STACK          



SEGMENTS        Name                           Load    Length   Top    Selector   Space  Class     Delta

                reset_vec                      000000  000003  000003         0       0  CODE        2
                intentry                       000004  0007FA  0007FE         8       0  CODE        2
                cstackBANK0                    000020  00003C  00005C        20       1  BANK0       1
                cstackCOMMON                   000070  00000A  00007A        70       1  COMMON      1
                cstackBANK1                    0000A0  00002C  0000CC        A0       1  BANK1       1
                strings                        000800  00002F  00082F      1000       0  STRING      2
                text17                         000A60  000006  000A66      14C0       0  CODE        2
                text22                         000A66  000009  000A6F      14CC       0  CODE        2
                text30                         000A6F  00000D  000A7C      14DE       0  CODE        2
                text23                         000A7C  00000E  000A8A      14F8       0  CODE        2
                text21                         000A8A  00000E  000A98      1514       0  CODE        2
                text36                         000A98  00000F  000AA7      1530       0  CODE        2
                text2                          000AA7  000014  000ABB      154E       0  CODE        2
                text20                         000ABB  000016  000AD1      1576       0  CODE        2
                text16                         000AD1  000017  000AE8      15A2       0  CODE        2
                text25                         000AE8  00001B  000B03      15D0       0  CODE        2
                text31                         000B03  00001C  000B1F      1606       0  CODE        2
                text24                         000B1F  00001C  000B3B      163E       0  CODE        2
                text35                         000B3B  00001E  000B59      1676       0  CODE        2
                text32                         000B59  000020  000B79      16B2       0  CODE        2
                text12                         000B79  000024  000B9D      16F2       0  CODE        2
                text3                          000B9D  000027  000BC4      173A       0  CODE        2
                text15                         000BC4  000030  000BF4      1788       0  CODE        2
                text18                         000BF4  000032  000C26      17E8       0  CODE        2
                text27                         000C26  000039  000C5F      184C       0  CODE        2
                text33                         000C5F  00003A  000C99      18BE       0  CODE        2
                text4                          000C99  00003C  000CD5      1932       0  CODE        2
                text26                         000CD5  000046  000D1B      19AA       0  CODE        2
                text5                          000D1B  000046  000D61      1A36       0  CODE        2
                text28                         000D61  00004C  000DAD      1AC2       0  CODE        2
                text9                          000DAD  000050  000DFD      1B5A       0  CODE        2
                text7                          000DFD  00005A  000E57      1BFA       0  CODE        2
                text29                         000E57  000062  000EB9      1CAE       0  CODE        2
                text6                          000EB9  000067  000F20      1D72       0  CODE        2
                text34                         000F20  000068  000F88      1E40       0  CODE        2
                text11                         000F88  000078  001000      1F10       0  CODE        2


UNUSED ADDRESS RANGES

        Name                Unused          Largest block    Delta
        BANK0            005C-006F             14           1
        BANK1            00CC-00EF             24           1
        BANK2            0110-016F             60           1
        BANK3            0190-01EF             60           1
        CODE             0003-0003              1           2
                         07FE-07FF              2
                         082F-0A5F            231
                         1000-1FFF            800
        COMMON           007A-007D              4           1
        CONST            0003-0003              1           2
                         07FE-07FF              2
                         082F-0A5F            100
                         1000-1FFF            100
        EEDATA           2100-21FF            100           2
        ENTRY            0003-0003              1           2
                         07FE-07FF              2
                         082F-0A5F            100
                         1000-1FFF            100
        RAM              005C-006F             14           1
                         00CC-00EF             24
                         0110-016F             60
                         0190-01EF             60
        SFR0             0000-001F             20           1
        SFR1             0080-009F             20           1
        SFR2             0100-010F             10           1
        SFR3             0180-018F             10           1
        STRCODE          0003-0003              1           2
                         07FE-07FF              2
                         082F-0A5F            231
                         1000-1FFF           1000
        STRING           0003-0003              1           2
                         07FE-07FF              2
                         082F-0A5F            100
                         1000-1FFF            100

                                  Symbol Table

?_UART_read_char          cstackCOMMON 0070
?___fladd                 cstackBANK0  0020
?___flsub                 cstackBANK0  0042
?___fltol                 cstackBANK0  002E
?___lldiv                 cstackBANK0  0020
?___lwdiv                 cstackBANK0  0020
?___lwmod                 cstackBANK0  0028
?___wmul                  cstackBANK0  0020
?___xxtofl                cstackBANK0  0020
?_round                   cstackBANK0  004A
?_sprintf                 cstackBANK0  002E
?_trunc                   cstackBANK0  0038
I2C_Master_Init@c         cstackBANK0  002E
Lcd_Cmd@a                 cstackBANK0  0023
Lcd_Port@a                cstackBANK0  0020
Lcd_Set_Cursor@a          cstackBANK0  0026
Lcd_Set_Cursor@b          cstackBANK0  0024
Lcd_Set_Cursor@temp       cstackBANK0  0029
Lcd_Set_Cursor@y          cstackBANK0  0028
Lcd_Set_Cursor@z          cstackBANK0  0027
Lcd_Write_Char@a          cstackBANK0  0024
Lcd_Write_Char@temp       cstackBANK0  0022
Lcd_Write_Char@y          cstackBANK0  0023
Lcd_Write_String@a        cstackBANK0  0025
Lcd_Write_String@i        cstackBANK0  002A
UART_RX_config@baudrate   cstackBANK0  0020
UART_TX_config@baudrate   cstackBANK0  0020
UART_write_char@character cstackBANK0  0020
_ADCON0bits               (abs)        001F
_ADCON1bits               (abs)        009F
_ADRESH                   (abs)        001E
_ANSEL                    (abs)        0188
_ANSELH                   (abs)        0189
_ANSELHbits               (abs)        0189
_ANSELbits                (abs)        0188
_BAUDCTLbits              (abs)        0187
_BF                       (abs)        04A0
_GIE                      (abs)        005F
_I2C_Master_Init          text33       0C5F
_INTCONbits               (abs)        000B
_Lcd_Clear                text30       0A6F
_Lcd_Cmd                  text31       0B03
_Lcd_Init                 text29       0E57
_Lcd_Port                 text32       0B59
_Lcd_Set_Cursor           text28       0D61
_Lcd_Write_Char           text27       0C26
_Lcd_Write_String         text26       0CD5
_OPTION_REGbits           (abs)        0081
_OSCCONbits               (abs)        008F
_PEIE                     (abs)        005E
_PIE1bits                 (abs)        008C
_PIR1bits                 (abs)        000C
_PORTAbits                (abs)        0005
_PORTC                    (abs)        0007
_PORTD                    (abs)        0008
_PORTDbits                (abs)        0008
_RCREG                    (abs)        001A
_RCSTAbits                (abs)        0018
_RD3                      (abs)        0043
_RD4                      (abs)        0044
_RD5                      (abs)        0045
_RD6                      (abs)        0046
_RD7                      (abs)        0047
_SPBRG                    (abs)        0099
_SPBRGH                   (abs)        009A
_SSPADD                   (abs)        0093
_SSPBUF                   (abs)        0013
_SSPCON                   (abs)        0014
_SSPCON2                  (abs)        0091
_SSPCON2bits              (abs)        0091
_SSPCONbits               (abs)        0014
_SSPIE                    (abs)        0463
_SSPIF                    (abs)        0063
_SSPSTAT                  (abs)        0094
_SSPSTATbits              (abs)        0094
_TMR0                     (abs)        0001
_TRISAbits                (abs)        0085
_TRISBbits                (abs)        0086
_TRISC3                   (abs)        043B
_TRISC4                   (abs)        043C
_TRISCbits                (abs)        0087
_TRISD                    (abs)        0088
_TRISEbits                (abs)        0089
_TXREG                    (abs)        0019
_TXSTAbits                (abs)        0098
_UART_RX_config           text25       0AE8
_UART_TX_config           text24       0B1F
_UART_read_char           text36       0A98
_UART_write_char          text23       0A7C
__Habs1                   abs1         0000
__Hbank0                  bank0        0000
__Hbank1                  bank1        0000
__Hbank2                  bank2        0000
__Hbank3                  bank3        0000
__HbssBANK0               bssBANK0     0000
__HbssBANK1               bssBANK1     0000
__HbssCOMMON              bssCOMMON    0000
__Hcinit                  cinit        0024
__Hclrtext                clrtext      0000
__Hcode                   code         0000
__Hcommon                 common       0000
__Hconfig                 config       2009
__HcstackBANK0            cstackBANK0  0000
__HcstackBANK1            cstackBANK1  0000
__HcstackCOMMON           cstackCOMMON 0000
__Heeprom_data            eeprom_data  0000
__Hend_init               end_init     000F
__Hfunctab                functab      0000
__Hidloc                  idloc        2004
__Hinit                   init         000C
__Hintentry               intentry     000C
__Hmaintext               maintext     0000
__Hpowerup                powerup      0000
__Hram                    ram          0000
__Hreset_vec              reset_vec    0003
__Hsfr0                   sfr0         0000
__Hsfr1                   sfr1         0000
__Hsfr2                   sfr2         0000
__Hsfr3                   sfr3         0000
__Hspace_0                (abs)        1000
__Hspace_1                (abs)        00CC
__Hspace_2                (abs)        0000
__Hspace_3                (abs)        0000
__Hspace_4                (abs)        4010
__Hstack                  stack        0000
__Hstrings                strings      0000
__Htext                   text         0000
__Labs1                   abs1         0000
__Lbank0                  bank0        0000
__Lbank1                  bank1        0000
__Lbank2                  bank2        0000
__Lbank3                  bank3        0000
__LbssBANK0               bssBANK0     0000
__LbssBANK1               bssBANK1     0000
__LbssCOMMON              bssCOMMON    0000
__Lcinit                  cinit        000F
__Lclrtext                clrtext      0000
__Lcode                   code         0000
__Lcommon                 common       0000
__Lconfig                 config       0000
__LcstackBANK0            cstackBANK0  0000
__LcstackBANK1            cstackBANK1  0000
__LcstackCOMMON           cstackCOMMON 0000
__Leeprom_data            eeprom_data  0000
__Lend_init               end_init     000C
__Lfunctab                functab      0000
__Lidloc                  idloc        0000
__Linit                   init         000C
__Lintentry               intentry     0004
__Lmaintext               maintext     0000
__Lpowerup                powerup      0000
__Lram                    ram          0000
__Lreset_vec              reset_vec    0000
__Lsfr0                   sfr0         0000
__Lsfr1                   sfr1         0000
__Lsfr2                   sfr2         0000
__Lsfr3                   sfr3         0000
__Lspace_0                (abs)        0000
__Lspace_1                (abs)        0000
__Lspace_2                (abs)        0000
__Lspace_3                (abs)        0000
__Lspace_4                (abs)        0000
__Lstack                  stack        0000
__Lstrings                strings      0000
__Ltext                   text         0000
__S0                      (abs)        1000
__S1                      (abs)        00CC
__S3                      (abs)        0000
___bmul                   text16       0AD1
___bmul@multiplicand      cstackBANK0  0020
___bmul@multiplier        cstackBANK0  0023
___bmul@product           cstackBANK0  0022
___fladd                  text13       0024
___fladd@a                cstackBANK0  0024
___fladd@aexp             cstackBANK0  0031
___fladd@b                cstackBANK0  0020
___fladd@bexp             cstackBANK0  0032
___fladd@grs              cstackBANK0  0033
___fladd@signs            cstackBANK0  0030
___fleq                   text9        0DAD
___fleq@ff1               cstackBANK0  0020
___fleq@ff2               cstackBANK0  0024
___flsub                  text12       0B79
___flsub@a                cstackBANK0  0042
___flsub@b                cstackBANK0  0046
___fltol                  text11       0F88
___fltol@exp1             cstackBANK0  0037
___fltol@f1               cstackBANK0  002E
___fltol@sign1            cstackBANK0  0036
___int_sp                 stack        0000
___latbits                (abs)        0002
___lldiv                  text34       0F20
___lldiv@counter          cstackBANK0  002D
___lldiv@dividend         cstackBANK0  0024
___lldiv@divisor          cstackBANK0  0020
___lldiv@quotient         cstackBANK0  0029
___lwdiv                  text5        0D1B
___lwdiv@counter          cstackBANK0  0027
___lwdiv@dividend         cstackBANK0  0022
___lwdiv@divisor          cstackBANK0  0020
___lwdiv@quotient         cstackBANK0  0025
___lwmod                  text4        0C99
___lwmod@counter          cstackBANK0  002D
___lwmod@dividend         cstackBANK0  002A
___lwmod@divisor          cstackBANK0  0028
___sp                     stack        0000
___stackhi                (abs)        0000
___stacklo                (abs)        0000
___wmul                   text3        0B9D
___wmul@multiplicand      cstackBANK0  0022
___wmul@multiplier        cstackBANK0  0020
___wmul@product           cstackBANK0  0024
___xxtofl                 text10       05CF
___xxtofl@arg             cstackBANK0  002A
___xxtofl@exp             cstackBANK0  0029
___xxtofl@sign            cstackBANK0  0028
___xxtofl@val             cstackBANK0  0020
__end_of_I2C_Master_Init  text33       0C99
__end_of_Lcd_Clear        text30       0A7C
__end_of_Lcd_Cmd          text31       0B1F
__end_of_Lcd_Init         text29       0EB9
__end_of_Lcd_Port         text32       0B79
__end_of_Lcd_Set_Cursor   text28       0DAD
__end_of_Lcd_Write_Char   text27       0C5F
__end_of_Lcd_Write_String text26       0D1B
__end_of_UART_RX_config   text25       0B03
__end_of_UART_TX_config   text24       0B3B
__end_of_UART_read_char   text36       0AA7
__end_of_UART_write_char  text23       0A8A
__end_of___bmul           text16       0AE8
__end_of___fladd          text13       027C
__end_of___fleq           text9        0DFD
__end_of___flsub          text12       0B9D
__end_of___fltol          text11       1000
__end_of___lldiv          text34       0F88
__end_of___lwdiv          text5        0D61
__end_of___lwmod          text4        0CD5
__end_of___wmul           text3        0BC4
__end_of___xxtofl         text10       0689
__end_of__initialization  cinit        0020
__end_of__stringtab       strings      0810
__end_of_adc_RO           text20       0AD1
__end_of_adc_channel      text19       0720
__end_of_adc_output       text22       0A6F
__end_of_adc_read         text21       0A98
__end_of_adc_setup        text18       0C26
__end_of_dht11_config     text17       0A66
__end_of_dht11_read       text14       07AA
__end_of_dht11_read_byte  text15       0BF4
__end_of_dpowers          strings      081A
__end_of_frexp            text8        07FE
__end_of_isdigit          text2        0ABB
__end_of_isr              text35       0B59
__end_of_main             maintext     0482
__end_of_round            text6        0F20
__end_of_sprintf          text1        05CF
__end_of_trunc            text7        0E57
__initialization          cinit        000F
__pbssBANK0               bssBANK0     0056
__pbssBANK1               bssBANK1     00C7
__pbssCOMMON              bssCOMMON    0078
__pcstackBANK0            cstackBANK0  0020
__pcstackBANK1            cstackBANK1  00A0
__pcstackCOMMON           cstackCOMMON 0070
__pintentry               intentry     0004
__pmaintext               maintext     027C
__pstrings                strings      0800
__ptext1                  text1        0482
__ptext10                 text10       05CF
__ptext11                 text11       0F88
__ptext12                 text12       0B79
__ptext13                 text13       0024
__ptext14                 text14       0720
__ptext15                 text15       0BC4
__ptext16                 text16       0AD1
__ptext17                 text17       0A60
__ptext18                 text18       0BF4
__ptext19                 text19       0689
__ptext2                  text2        0AA7
__ptext20                 text20       0ABB
__ptext21                 text21       0A8A
__ptext22                 text22       0A66
__ptext23                 text23       0A7C
__ptext24                 text24       0B1F
__ptext25                 text25       0AE8
__ptext26                 text26       0CD5
__ptext27                 text27       0C26
__ptext28                 text28       0D61
__ptext29                 text29       0E57
__ptext3                  text3        0B9D
__ptext30                 text30       0A6F
__ptext31                 text31       0B03
__ptext32                 text32       0B59
__ptext33                 text33       0C5F
__ptext34                 text34       0F20
__ptext35                 text35       0B3B
__ptext36                 text36       0A98
__ptext4                  text4        0C99
__ptext5                  text5        0D1B
__ptext6                  text6        0EB9
__ptext7                  text7        0DFD
__ptext8                  text8        07AA
__ptext9                  text9        0DAD
__stringbase              strings      080F
__stringtab               strings      0800
_adc_RO                   text20       0ABB
_adc_channel              text19       0689
_adc_output               text22       0A66
_adc_read                 text21       0A8A
_adc_setup                text18       0BF4
_alcohol                  bssBANK1     00C9
_bpm                      bssBANK1     00C7
_dht11_aux                bssBANK0     005B
_dht11_byte               bssBANK0     0056
_dht11_config             text17       0A60
_dht11_read               text14       0720
_dht11_read_byte          text15       0BC4
_dpowers                  strings      0810
_frexp                    text8        07AA
_humid                    bssBANK1     00CB
_isdigit                  text2        0AA7
_isdigit$1515             cstackBANK0  0020
_isr                      text35       0B3B
_main                     maintext     027C
_main$1773                cstackBANK1  00BE
_main$1774                cstackBANK1  00C2
_round                    text6        0EB9
_sprintf                  text1        0482
_temp                     bssBANK1     00CA
_trunc                    text7        0DFD
adc_RO@channel            cstackBANK0  0023
adc_channel@channel       cstackBANK0  0020
adc_read@channel          cstackBANK0  0021
adc_setup@inter           cstackBANK0  0021
btemp                     (abs)        007E
dht11_read@checksum       cstackBANK0  0027
dht11_read@i              cstackBANK0  0029
dht11_read@phum           cstackBANK0  0028
dht11_read@ptemp          cstackBANK0  0024
dht11_read_byte@i         cstackBANK0  0021
end_of_initialization     cinit        0020
frexp@eptr                cstackBANK0  0030
frexp@value               cstackBANK0  002C
interrupt_function        intentry     0004
intlevel0                 functab      0000
intlevel1                 functab      0000
intlevel2                 functab      0000
intlevel3                 functab      0000
intlevel4                 functab      0000
intlevel5                 functab      0000
isdigit@c                 cstackBANK0  0021
main@display_alc          cstackBANK1  00A0
main@display_bpm          cstackBANK1  00AA
main@display_temp         cstackBANK1  00B4
main@temperature          cstackBANK1  00C6
reset_vec                 reset_vec    0000
round@f                   cstackBANK0  004E
round@x                   cstackBANK0  004A
saved_w                   (abs)        007E
sprintf@ap                cstackBANK0  0035
sprintf@c                 cstackBANK0  003C
sprintf@f                 cstackBANK0  002E
sprintf@flag              cstackBANK0  0034
sprintf@prec              cstackBANK0  0038
sprintf@sp                cstackBANK0  003B
sprintf@val               cstackBANK0  0036
sprintf@width             cstackBANK0  0039
start                     init         000C
start_initialization      cinit        000F
trunc@expon               cstackBANK0  0040
trunc@i                   cstackBANK0  003C
trunc@x                   cstackBANK0  0038
wtemp0                    (abs)        007E


MODULE INFORMATION

Module		Function		Class		Link	Load	Size
C:\Program Files\Microchip\xc8\v2.40\pic\sources\c90\common\fltol.c
		___fltol       		CODE           	0F88	0000	120

C:\Program Files\Microchip\xc8\v2.40\pic\sources\c90\common\fltol.c estimated size: 120

C:\Program Files\Microchip\xc8\v2.40\pic\sources\c90\common\Umul8.c
		___bmul        		CODE           	0AD1	0000	23

C:\Program Files\Microchip\xc8\v2.40\pic\sources\c90\common\Umul8.c estimated size: 23

uart.c
		_UART_TX_config		CODE           	0B1F	0000	28
		_UART_write_char		CODE           	0A7C	0000	14
		_UART_read_char		CODE           	0A98	0000	15
		_UART_RX_config		CODE           	0AE8	0000	27

uart.c estimated size: 84

C:\Program Files\Microchip\xc8\v2.40\pic\sources\c90\common\trunc.c
		_trunc         		CODE           	0DFD	0000	90

C:\Program Files\Microchip\xc8\v2.40\pic\sources\c90\common\trunc.c estimated size: 90

C:/Users/kirby/Documents/University Stuff/2023S1/Electronica Digital 2/Proyecto/Code/Communicator/dht11.c
		_dht11_read    		CODE           	0720	0000	138
		_dht11_read_byte		CODE           	0BC4	0000	48
		_dht11_config  		CODE           	0A60	0000	6

C:/Users/kirby/Documents/University Stuff/2023S1/Electronica Digital 2/Proyecto/Code/Communicator/dht11.c estimated size: 192

I2C.c
		_I2C_Master_Init		CODE           	0C5F	0000	58

I2C.c estimated size: 58

C:\Program Files\Microchip\xc8\v2.40\pic\sources\c90\common\__lldiv.c
		___lldiv       		CODE           	0F20	0000	104

C:\Program Files\Microchip\xc8\v2.40\pic\sources\c90\common\__lldiv.c estimated size: 104

C:\Program Files\Microchip\xc8\v2.40\pic\sources\c90\common\fleq.c
		___fleq        		CODE           	0DAD	0000	80

C:\Program Files\Microchip\xc8\v2.40\pic\sources\c90\common\fleq.c estimated size: 80

adc.c
		_adc_setup     		CODE           	0BF4	0000	50
		_adc_channel   		CODE           	0689	0000	151
		_adc_read      		CODE           	0A8A	0000	14
		_adc_output    		CODE           	0A66	0000	9
		_adc_RO        		CODE           	0ABB	0000	22

adc.c estimated size: 246

C:\Program Files\Microchip\xc8\v2.40\pic\sources\c90\common\doprnt.c
		_sprintf       		CODE           	0482	0000	333

C:\Program Files\Microchip\xc8\v2.40\pic\sources\c90\common\doprnt.c estimated size: 333

C:\Program Files\Microchip\xc8\v2.40\pic\sources\c90\common\Umul16.c
		___wmul        		CODE           	0B9D	0000	39

C:\Program Files\Microchip\xc8\v2.40\pic\sources\c90\common\Umul16.c estimated size: 39

C:\Program Files\Microchip\xc8\v2.40\pic\sources\c90\common\lwmod.c
		___lwmod       		CODE           	0C99	0000	60

C:\Program Files\Microchip\xc8\v2.40\pic\sources\c90\common\lwmod.c estimated size: 60

C:\Program Files\Microchip\xc8\v2.40\pic\sources\c90\common\round.c
		_round         		CODE           	0EB9	0000	103

C:\Program Files\Microchip\xc8\v2.40\pic\sources\c90\common\round.c estimated size: 103

shared
		__stringtab    		STRING         	0800	0000	16
		_dpowers       		STRING         	0810	0000	10
		__initialization		CODE           	000F	0000	17

shared estimated size: 43

C:\Program Files\Microchip\xc8\v2.40\pic\sources\c90\common\isdigit.c
		_isdigit       		CODE           	0AA7	0000	20

C:\Program Files\Microchip\xc8\v2.40\pic\sources\c90\common\isdigit.c estimated size: 20

C:\Program Files\Microchip\xc8\v2.40\pic\sources\c90\common\sprcadd.c
		___flsub       		CODE           	0B79	0000	36
		___fladd       		CODE           	0024	0000	600

C:\Program Files\Microchip\xc8\v2.40\pic\sources\c90\common\sprcadd.c estimated size: 636

C:\Program Files\Microchip\xc8\v2.40\pic\sources\c90\common\frexp.c
		_frexp         		CODE           	07AA	0000	84

C:\Program Files\Microchip\xc8\v2.40\pic\sources\c90\common\frexp.c estimated size: 84

main.c
		_main          		CODE           	027C	0000	518
		_isr           		CODE           	0B3B	0000	30

main.c estimated size: 548

C:\Program Files\Microchip\xc8\v2.40\pic\sources\c90\common\lwdiv.c
		___lwdiv       		CODE           	0D1B	0000	70

C:\Program Files\Microchip\xc8\v2.40\pic\sources\c90\common\lwdiv.c estimated size: 70

C:\Program Files\Microchip\xc8\v2.40\pic\sources\c90\common\xxtofl.c
		___xxtofl      		CODE           	05CF	0000	186

C:\Program Files\Microchip\xc8\v2.40\pic\sources\c90\common\xxtofl.c estimated size: 186

LCD.c
		_Lcd_Write_String		CODE           	0CD5	0000	70
		_Lcd_Init      		CODE           	0E57	0000	98
		_Lcd_Write_Char		CODE           	0C26	0000	57
		_Lcd_Cmd       		CODE           	0B03	0000	28
		_Lcd_Set_Cursor		CODE           	0D61	0000	76
		_Lcd_Clear     		CODE           	0A6F	0000	13
		_Lcd_Port      		CODE           	0B59	0000	32

LCD.c estimated size: 374

